// Jest Snapshot v1, https://goo.gl/fbAQLP

exports[`should render expenselist correctly 1`] = `
<div>
  <ExpenseListItem
    amount={1200}
    createdAt={0}
    description="test"
    id={1}
    key="1"
    note="test note"
  />
  <ExpenseListItem
    amount={1500}
    createdAt={345600000}
    description="Coffee"
    id={2}
    key="2"
    note="Coffee note"
  />
  <ExpenseListItem
    amount={2200}
    createdAt={-432000000}
    description="Rent"
    id={3}
    key="3"
    note="rent note"
  />
  <ExpenseListItem
    amount={4200}
    createdAt={518400000}
    description="Gas"
    id={4}
    key="4"
    note="gas bill"
  />
</div>
`;

exports[`should render expenselist correctly when there is no expense 1`] = `
<div>
  <p>
    No Expenses
  </p>
</div>
`;
